// Jest Snapshot v1, https://goo.gl/fbAQLP

exports[`TimeWidget functional component testing TimeWidget must have a correct snapshot 1`] = `
"<ContextProvider value={{...}}>
  <Connect(TimeWidget) />
</ContextProvider>"
`;
