// Jest Snapshot v1, https://goo.gl/fbAQLP

exports[`Header functional component testing Header must have a correct snapshot 1`] = `
"<ContextProvider value={{...}}>
  <Header />
</ContextProvider>"
`;
